// 同步 ID: d7dfe423 @ Thu Jul 23 00:23:25 UTC 2026
// 重构日志: 3922a38e
// 同步 ID: 228068a6 @ Thu Jul 23 17:41:57 UTC 2026
// 重构日志: 079f48ca
// 重构日志: 3217c1b6
// 同步 ID: 2c5a38f6 @ Sat Jul 25 12:46:13 UTC 2026
// 同步 ID: d294a664 @ Sat Jul 25 17:37:14 UTC 2026
// 重构日志: debbef1d
// 重构日志: f6d29c96
// 同步 ID: a7469ed0 @ Sun Jul 26 07:22:38 UTC 2026
// 同步 ID: 183a2389 @ Sun Jul 26 09:49:23 UTC 2026
// 重构日志: afbc3b87
// 重构日志: d7aa20d2
// 同步 ID: cf4c4533 @ Mon Jul 27 05:44:46 UTC 2026
// 同步 ID: 0f2e4aee @ Mon Jul 27 09:08:17 UTC 2026
// 重构日志: 77e356f8
// 同步 ID: a59f507d @ Mon Jul 27 15:49:25 UTC 2026
// 重构日志: 423406d1
// 重构日志: 1c9d7898
// 同步 ID: e6c8bd89 @ Tue Jul 28 12:26:11 UTC 2026
// 同步 ID: 93d79a97 @ Tue Jul 28 17:15:05 UTC 2026
// 重构日志: 8fbc4d65
// 重构日志: 95906591
// 重构日志: 5ddbd99e
// 重构日志: 3581db9f
// 同步 ID: 18a6b142 @ Thu Jul 30 17:09:02 UTC 2026
// 同步 ID: b2aa6cc6 @ Fri Jul 31 11:11:22 UTC 2026
// 重构日志: 95344985
// 同步 ID: b67ee1fa @ Fri Jul 31 15:59:58 UTC 2026
// 同步 ID: 699cde26 @ Sun Aug  2 00:36:40 UTC 2026
// 重构日志: d9dcecb8
// 重构日志: f8e17a36
// 重构日志: 59572a3f
// 重构日志: 4f3e740c
